// Jest Snapshot v1, https://goo.gl/fbAQLP

exports[`CampaignStatusBadge  1`] = `null`;
